 Image federated-decentralized-social-networking-platform-frontend Building 
 Image federated-decentralized-social-networking-platform-backend Building 
#1 [internal] load local bake definitions
#1 reading from stdin 1.28kB done
#1 DONE 0.0s

#2 [internal] load build definition from Dockerfile
#2 transferring dockerfile: 301B done
#2 DONE 0.0s

#3 [auth] library/node:pull token for registry-1.docker.io
#3 DONE 0.0s

#4 [internal] load metadata for docker.io/library/node:18-alpine
#4 DONE 1.5s

#5 [internal] load .dockerignore
#5 transferring context: 2B done
#5 DONE 0.0s

#6 [1/5] FROM docker.io/library/node:18-alpine@sha256:8d6421d663b4c28fd3ebc498332f249011d118945588d0a35cb9bc4b8ca09d9e
#6 resolve docker.io/library/node:18-alpine@sha256:8d6421d663b4c28fd3ebc498332f249011d118945588d0a35cb9bc4b8ca09d9e 0.0s done
#6 DONE 0.1s

#7 [internal] load build context
#7 transferring context: 4.56MB 3.2s done
#7 DONE 3.3s

#8 [2/5] WORKDIR /app
#8 CACHED

#9 [3/5] COPY package*.json ./
#9 CACHED

#10 [4/5] RUN npm install
#10 3.110 npm error code ERESOLVE
#10 3.110 npm error ERESOLVE could not resolve
#10 3.110 npm error
#10 3.110 npm error While resolving: @react-three/drei@10.7.7
#10 3.110 npm error Found: react@18.3.1
#10 3.110 npm error node_modules/react
#10 3.110 npm error   react@"^18.3.1" from the root project
#10 3.110 npm error   peer react@">=16.8.0" from @floating-ui/react-dom@2.1.7
#10 3.110 npm error   node_modules/@floating-ui/react-dom
#10 3.110 npm error     @floating-ui/react-dom@"^2.0.0" from @radix-ui/react-popper@1.2.8
#10 3.110 npm error     node_modules/@radix-ui/react-popper
#10 3.110 npm error       @radix-ui/react-popper@"1.2.8" from @radix-ui/react-hover-card@1.1.15
#10 3.110 npm error       node_modules/@radix-ui/react-hover-card
#10 3.110 npm error         @radix-ui/react-hover-card@"^1.1.14" from the root project
#10 3.110 npm error       4 more (@radix-ui/react-menu, @radix-ui/react-popover, ...)
#10 3.110 npm error   101 more (@radix-ui/react-accordion, ...)
#10 3.110 npm error
#10 3.110 npm error Could not resolve dependency:
#10 3.110 npm error peer react@"^19" from @react-three/drei@10.7.7
#10 3.110 npm error node_modules/@react-three/drei
#10 3.110 npm error   @react-three/drei@"^10.7.7" from the root project
#10 3.110 npm error
#10 3.110 npm error Conflicting peer dependency: react@19.2.4
#10 3.110 npm error node_modules/react
#10 3.110 npm error   peer react@"^19" from @react-three/drei@10.7.7
#10 3.110 npm error   node_modules/@react-three/drei
#10 3.110 npm error     @react-three/drei@"^10.7.7" from the root project
#10 3.110 npm error
#10 3.110 npm error Fix the upstream dependency conflict, or retry
#10 3.110 npm error this command with --force or --legacy-peer-deps
#10 3.110 npm error to accept an incorrect (and potentially broken) dependency resolution.
#10 3.110 npm error
#10 3.110 npm error
#10 3.110 npm error For a full report see:
#10 3.110 npm error /root/.npm/_logs/2026-02-27T12_42_14_340Z-eresolve-report.txt
#10 3.115 npm notice
#10 3.115 npm notice New major version of npm available! 10.8.2 -> 11.11.0
#10 3.115 npm notice Changelog: https://github.com/npm/cli/releases/tag/v11.11.0
#10 3.115 npm notice To update run: npm install -g npm@11.11.0
#10 3.115 npm notice
#10 3.115 npm error A complete log of this run can be found in: /root/.npm/_logs/2026-02-27T12_42_14_340Z-debug-0.log
#10 ERROR: process "/bin/sh -c npm install" did not complete successfully: exit code: 1
------
 > [4/5] RUN npm install:
3.110 npm error
3.110 npm error
3.110 npm error For a full report see:
3.110 npm error /root/.npm/_logs/2026-02-27T12_42_14_340Z-eresolve-report.txt
3.115 npm notice
3.115 npm notice New major version of npm available! 10.8.2 -> 11.11.0
3.115 npm notice Changelog: https://github.com/npm/cli/releases/tag/v11.11.0
3.115 npm notice To update run: npm install -g npm@11.11.0
3.115 npm notice
3.115 npm error A complete log of this run can be found in: /root/.npm/_logs/2026-02-27T12_42_14_340Z-debug-0.log
------
Dockerfile:9

--------------------

   7 |     

   8 |     # Install dependencies

   9 | >>> RUN npm install

  10 |     

  11 |     # Copy source code

--------------------

failed to solve: process "/bin/sh -c npm install" did not complete successfully: exit code: 1

