# federated-social/backend/cmd
cmd\check_followers.go:14:6: main redeclared in this block
	cmd\check_events.go:15:6: other declaration of main
cmd\check_instances.go:14:6: main redeclared in this block
	cmd\check_events.go:15:6: other declaration of main
cmd\normalize_instances.go:14:6: main redeclared in this block
	cmd\check_events.go:15:6: other declaration of main
# federated-social/backend/scripts
scripts\check_hash.go:14:6: main redeclared in this block
	scripts\backend_test_runner.go:46:6: other declaration of main
scripts\hash_emails.go:16:6: main redeclared in this block
	scripts\backend_test_runner.go:46:6: other declaration of main
