=== RUN   TestAuth_Signup_PasswordHashing
--- PASS: TestAuth_Signup_PasswordHashing (0.23s)
=== RUN   TestAuth_Login_OTPGeneration
DEBUG: Login attempt for otp@example.com, Is2FAEnabled: true
--- PASS: TestAuth_Login_OTPGeneration (0.22s)
=== RUN   TestAuth_VerifyOTP
--- PASS: TestAuth_VerifyOTP (0.00s)
=== RUN   TestBlock_BlockUser
--- PASS: TestBlock_BlockUser (0.00s)
=== RUN   TestBlock_BlockSelf_Fail
--- PASS: TestBlock_BlockSelf_Fail (0.00s)
=== RUN   TestBlock_UnblockUser
--- PASS: TestBlock_UnblockUser (0.00s)
=== RUN   TestBlock_IsBlocked
--- PASS: TestBlock_IsBlocked (0.00s)
=== RUN   TestReport_SubmitUserReport
--- PASS: TestReport_SubmitUserReport (0.00s)
=== RUN   TestReport_SubmitReport_SelfReport_Fail
--- PASS: TestReport_SubmitReport_SelfReport_Fail (0.00s)
PASS
ok  	federated-social/backend/epics/safety/service	(cached)
